// Jest Snapshot v1, https://goo.gl/fbAQLP

exports[`join would fail if input is not string 1`] = `"function validation failed"`;
